[     378ms] [WARNING] Swiper Loop Warning: The number of slides is not enough for loop mode, it will be disabled and not function properly. You need to add more slides (or make duplicates) or lower the values of slidesPerView and slidesPerGroup parameters @ https://tour-web-assets.interparkcdn.net/applications/air/650a9d/_next/static/chunks/pages/_app-02b3f97d38ac83dd.js:13
[     543ms] [WARNING] [Meta Pixel] - Duplicate Pixel ID: 178510308420873. @ https://tour-web-assets.interparkcdn.net/applications/air/650a9d/_next/static/chunks/pages/_app-02b3f97d38ac83dd.js:13
[     800ms] [ERROR] Access to fetch at 'https://capig.interpark.com/events/062d409dbb0ee9df328ea4214ba122edfd69ccd78476241bbece1326e1e73141' from origin 'https://travel.interpark.com' has been blocked by CORS policy: No 'Access-Control-Allow-Origin' header is present on the requested resource. @ https://travel.interpark.com/air/search/a:GMP-a:CJU-20260315?cabin=ALL&infant=0&child=0&adult=2:0
[     800ms] [ERROR] Failed to load resource: net::ERR_FAILED @ https://capig.interpark.com/events/062d409dbb0ee9df328ea4214ba122edfd69ccd78476241bbece1326e1e73141:0
[     891ms] [ERROR] Attestation check for Attribution Reporting on https://www.google-analytics.com failed. @ https://travel.interpark.com/air/search/a:GMP-a:CJU-20260315?cabin=ALL&infant=0&child=0&adult=2:0
[     896ms] [ERROR] Attestation check for Attribution Reporting on https://www.google-analytics.com failed. @ https://travel.interpark.com/air/search/a:GMP-a:CJU-20260315?cabin=ALL&infant=0&child=0&adult=2:0
[     901ms] [ERROR] Access to fetch at 'https://capig.playd-capig.com/events/062d409dbb0ee9df328ea4214ba122edfd69ccd78476241bbece1326e1e73141' from origin 'https://travel.interpark.com' has been blocked by CORS policy: No 'Access-Control-Allow-Origin' header is present on the requested resource. @ https://travel.interpark.com/air/search/a:GMP-a:CJU-20260315?cabin=ALL&infant=0&child=0&adult=2:0
[     901ms] [ERROR] Failed to load resource: net::ERR_FAILED @ https://capig.playd-capig.com/events/062d409dbb0ee9df328ea4214ba122edfd69ccd78476241bbece1326e1e73141:0
[     964ms] [ERROR] Attestation check for Attribution Reporting on https://www.google-analytics.com failed. @ https://travel.interpark.com/air/search/a:GMP-a:CJU-20260315?cabin=ALL&infant=0&child=0&adult=2:0
[    1086ms] [ERROR] Attestation check for Attribution Reporting on https://www.google-analytics.com failed. @ https://travel.interpark.com/air/search/a:GMP-a:CJU-20260315?cabin=ALL&infant=0&child=0&adult=2:0
[    1087ms] [ERROR] Attestation check for Attribution Reporting on https://www.google-analytics.com failed. @ https://travel.interpark.com/air/search/a:GMP-a:CJU-20260315?cabin=ALL&infant=0&child=0&adult=2:0
[    1291ms] [ERROR] Attestation check for Attribution Reporting on https://www.google-analytics.com failed. @ https://travel.interpark.com/air/search/a:GMP-a:CJU-20260315?cabin=ALL&infant=0&child=0&adult=2:0
[    1832ms] [ERROR] Attestation check for Attribution Reporting on https://www.google-analytics.com failed. @ https://travel.interpark.com/air/search/a:GMP-a:CJU-20260315?cabin=ALL&infant=0&child=0&adult=2:0
[    2373ms] [ERROR] Attestation check for Attribution Reporting on https://www.google-analytics.com failed. @ https://travel.interpark.com/air/search/a:GMP-a:CJU-20260315?cabin=ALL&infant=0&child=0&adult=2:0
[    2915ms] [ERROR] Attestation check for Attribution Reporting on https://www.google-analytics.com failed. @ https://travel.interpark.com/air/search/a:GMP-a:CJU-20260315?cabin=ALL&infant=0&child=0&adult=2:0
[    3380ms] [WARNING] Swiper Loop Warning: The number of slides is not enough for loop mode, it will be disabled and not function properly. You need to add more slides (or make duplicates) or lower the values of slidesPerView and slidesPerGroup parameters @ https://tour-web-assets.interparkcdn.net/applications/air/650a9d/_next/static/chunks/pages/_app-02b3f97d38ac83dd.js:13
[    3617ms] [ERROR] Attestation check for Attribution Reporting on https://www.google-analytics.com failed. @ https://travel.interpark.com/air/search/a:GMP-a:CJU-20260315?cabin=ALL&infant=0&child=0&adult=2:0
[    6520ms] [ERROR] Attestation check for Attribution Reporting on https://www.google-analytics.com failed. @ https://travel.interpark.com/air/search/a:GMP-a:CJU-20260315?cabin=ALL&infant=0&child=0&adult=2:0
[    6520ms] [ERROR] Attestation check for Attribution Reporting on https://www.google-analytics.com failed. @ https://travel.interpark.com/air/search/a:GMP-a:CJU-20260315?cabin=ALL&infant=0&child=0&adult=2:0
[    6521ms] [ERROR] Attestation check for Attribution Reporting on https://www.google-analytics.com failed. @ https://travel.interpark.com/air/search/a:GMP-a:CJU-20260315?cabin=ALL&infant=0&child=0&adult=2:0
[    7147ms] [ERROR] Attestation check for Attribution Reporting on https://www.google-analytics.com failed. @ https://travel.interpark.com/air/search/a:GMP-a:CJU-20260315?cabin=ALL&infant=0&child=0&adult=2:0
[    9726ms] [ERROR] Attestation check for Attribution Reporting on https://www.google-analytics.com failed. @ https://travel.interpark.com/air/search/a:GMP-a:CJU-20260315?cabin=ALL&infant=0&child=0&adult=2:0
[   12727ms] [ERROR] Attestation check for Attribution Reporting on https://www.google-analytics.com failed. @ https://travel.interpark.com/air/search/a:GMP-a:CJU-20260315?cabin=ALL&infant=0&child=0&adult=2:0
[   15722ms] [ERROR] Attestation check for Attribution Reporting on https://www.google-analytics.com failed. @ https://travel.interpark.com/air/search/a:GMP-a:CJU-20260315?cabin=ALL&infant=0&child=0&adult=2:0
